nohup: ignoring input
Error processing line 1 of /home/isc-den/software/mniconda3/lib/python3.11/site-packages/distutils-precedence.pth:

  Traceback (most recent call last):
    File "<frozen site>", line 195, in addpackage
    File "<string>", line 1, in <module>
  ModuleNotFoundError: No module named '_distutils_hack'

Remainder of file ignored

======================================================================
FINAL PROJECT: FORECAST-AUGMENTED RL FOR TRADING
======================================================================

Configuration:
  Data: BTC-USD (2022-01-01 to 2024-01-01)
  Forecasting: N-BEATS (better than LSTM)
  PPO updates: 500
  Device: cpu
  Started: 19:59:37

======================================================================
PART 1: LOADING AND PROCESSING DATA
======================================================================

✓ Loaded 730 days
✓ Features computed: 710 days
✓ Train: 568 days
✓ Test: 142 days

======================================================================
PART 2: TRAINING N-BEATS FORECASTING MODEL
======================================================================

Creating N-BEATS forecaster...
Training N-BEATS (100 epochs)...
Traceback (most recent call last):
  File "/home/isc-den/cas-artificial-intelligence/14_project_teil_b/07_FINAL_PROJECT_NBeats.py", line 167, in <module>
    print(f'Training N-BEATS (100 epochs)...')
              ^^^^^^^^^^^^^^^^^^^^^^^^^^^^^^^^
  File "/home/isc-den/cas-artificial-intelligence/14_project_teil_b/better_forecasters.py", line 301, in train_forecaster
    pred = model(x)
           ^^^^^^^^
  File "/home/isc-den/software/mniconda3/lib/python3.11/site-packages/torch/nn/modules/module.py", line 1775, in _wrapped_call_impl
    return self._call_impl(*args, **kwargs)
           ^^^^^^^^^^^^^^^^^^^^^^^^^^^^^^^^
  File "/home/isc-den/software/mniconda3/lib/python3.11/site-packages/torch/nn/modules/module.py", line 1786, in _call_impl
    return forward_call(*args, **kwargs)
           ^^^^^^^^^^^^^^^^^^^^^^^^^^^^^
  File "/home/isc-den/cas-artificial-intelligence/14_project_teil_b/better_forecasters.py", line 101, in forward
    forecast, backcast = block(residual)
                         ^^^^^^^^^^^^^^^
  File "/home/isc-den/software/mniconda3/lib/python3.11/site-packages/torch/nn/modules/module.py", line 1775, in _wrapped_call_impl
    return self._call_impl(*args, **kwargs)
           ^^^^^^^^^^^^^^^^^^^^^^^^^^^^^^^^
  File "/home/isc-den/software/mniconda3/lib/python3.11/site-packages/torch/nn/modules/module.py", line 1786, in _call_impl
    return forward_call(*args, **kwargs)
           ^^^^^^^^^^^^^^^^^^^^^^^^^^^^^
  File "/home/isc-den/cas-artificial-intelligence/14_project_teil_b/better_forecasters.py", line 60, in forward
    h = self.stack(x)
        ^^^^^^^^^^^^^
  File "/home/isc-den/software/mniconda3/lib/python3.11/site-packages/torch/nn/modules/module.py", line 1775, in _wrapped_call_impl
    return self._call_impl(*args, **kwargs)
           ^^^^^^^^^^^^^^^^^^^^^^^^^^^^^^^^
  File "/home/isc-den/software/mniconda3/lib/python3.11/site-packages/torch/nn/modules/module.py", line 1786, in _call_impl
    return forward_call(*args, **kwargs)
           ^^^^^^^^^^^^^^^^^^^^^^^^^^^^^
  File "/home/isc-den/software/mniconda3/lib/python3.11/site-packages/torch/nn/modules/container.py", line 250, in forward
    input = module(input)
            ^^^^^^^^^^^^^
  File "/home/isc-den/software/mniconda3/lib/python3.11/site-packages/torch/nn/modules/module.py", line 1775, in _wrapped_call_impl
    return self._call_impl(*args, **kwargs)
           ^^^^^^^^^^^^^^^^^^^^^^^^^^^^^^^^
  File "/home/isc-den/software/mniconda3/lib/python3.11/site-packages/torch/nn/modules/module.py", line 1786, in _call_impl
    return forward_call(*args, **kwargs)
           ^^^^^^^^^^^^^^^^^^^^^^^^^^^^^
  File "/home/isc-den/software/mniconda3/lib/python3.11/site-packages/torch/nn/modules/linear.py", line 134, in forward
    return F.linear(input, self.weight, self.bias)
           ^^^^^^^^^^^^^^^^^^^^^^^^^^^^^^^^^^^^^^^
RuntimeError: mat1 and mat2 shapes cannot be multiplied (640x3 and 20x64)
